com/graduation/project/cpa/entity/CpaProfile$CpaProfileBuilder.class
com/graduation/project/forum/entity/TopicMember$TopicMemberBuilder.class
com/graduation/project/forum/mapper/TopicMapper.class
com/graduation/project/auth/dto/response/UserAuthResponse$UserAuthResponseBuilder.class
com/graduation/project/event/dto/ActivityLogResponse.class
com/graduation/project/library/dto/SubjectRequest$SubjectRequestBuilder.class
com/graduation/project/auth/validation/FileTypeValidator.class
com/graduation/project/auth/dto/response/SignupResponse.class
com/graduation/project/library/dto/SubjectResponse.class
com/graduation/project/announcement/service/AdminFacultyService.class
com/graduation/project/forum/dto/CommentPermissionsResponse$CommentPermissionsResponseBuilder.class
com/graduation/project/forum/dto/PostUserStateResponse$PostUserStateResponseBuilder.class
com/graduation/project/forum/dto/DetailPostResponse$DetailPostResponseBuilder.class
com/graduation/project/security/exception/GlobalExceptionHandler.class
com/graduation/project/library/mapper/SemesterMapperImpl.class
com/graduation/project/forum/dto/ReactionDetailResponse.class
com/graduation/project/seeder/SeedAuthTask.class
com/graduation/project/seeder/SeedLibraryTask.class
com/graduation/project/cpa/mapper/GradeSubjectAverageProfileMapperImpl.class
com/graduation/project/forum/dto/DetailPostResponse.class
com/graduation/project/event/repository/NotificationEventRepository.class
com/graduation/project/auth/service/RoleService.class
com/graduation/project/event/service/JwtService.class
com/graduation/project/event/config/StompPrincipal.class
com/graduation/project/cpa/repository/GpaProfileRepository.class
com/graduation/project/forum/dto/TopicResponse$TopicResponseBuilder.class
com/graduation/project/forum/entity/Post.class
com/graduation/project/cpa/dto/GpaProfileResponse$GpaProfileResponseBuilder.class
com/graduation/project/forum/controller/ReactionController.class
com/graduation/project/event/constant/NotificationType.class
com/graduation/project/common/service/FirebaseService.class
com/graduation/project/forum/entity/Category.class
com/graduation/project/auth/repository/OauthAccountRepository.class
com/graduation/project/announcement/dto/CreatedAnnonucementResponse.class
com/graduation/project/forum/dto/CategoryResponse$CategoryResponseBuilder.class
com/graduation/project/auth/controller/AdminRoleController.class
com/graduation/project/forum/dto/ProcessReportRequest.class
com/graduation/project/auth/dto/request/ChangePasswordRequest.class
com/graduation/project/event/config/RedisStreamProperties.class
com/graduation/project/common/constant/PermissionType.class
com/graduation/project/forum/mapper/TopicMapperImpl.class
com/graduation/project/auth/dto/request/RoleRequest$RoleRequestBuilder.class
com/graduation/project/auth/dto/response/IntrospectResponse$IntrospectResponseBuilder.class
com/graduation/project/forum/dto/SearchTopicRequest$SearchTopicRequestBuilder.class
com/graduation/project/library/dto/SubjectResponse$SubjectResponseBuilder.class
com/graduation/project/auth/validation/PasswordMatchesValidator.class
com/graduation/project/auth/constant/PredefinedRole.class
com/graduation/project/auth/validation/FileSize.class
com/graduation/project/common/entity/InvalidatedToken.class
com/graduation/project/common/entity/User$UserBuilder.class
com/graduation/project/seeder/SeedProperties.class
com/graduation/project/auth/dto/request/AddPermissionRequest$AddPermissionRequestBuilder.class
com/graduation/project/forum/dto/SearchPostRequest.class
com/graduation/project/forum/controller/CommentController.class
com/graduation/project/forum/service/ReportService.class
com/graduation/project/event/listener/ActivityLogEventListener.class
com/graduation/project/auth/dto/response/ApiResponse$ApiResponseBuilder.class
com/graduation/project/library/controller/AdminSubjectReferenceController.class
com/graduation/project/announcement/dto/AnnouncementResponse$AnnouncementResponseBuilder.class
com/graduation/project/common/controller/FileController$DeleteFilesRequest.class
com/graduation/project/auth/security/UserPrincipal.class
com/graduation/project/announcement/controller/CommonFacultiesController.class
com/graduation/project/common/service/FileService.class
com/graduation/project/auth/dto/request/RoleRequest.class
com/graduation/project/forum/dto/DetailTopicResponse$DetailTopicResponseBuilder.class
com/graduation/project/auth/dto/request/SignupRequest$SignupRequestBuilder.class
com/graduation/project/cpa/dto/GpaProfileResponse.class
com/graduation/project/common/entity/BaseEntity.class
com/graduation/project/event/controller/ActivityLogController.class
com/graduation/project/forum/entity/Report$ReportBuilder.class
com/graduation/project/auth/dto/response/TokenResponse$TokenResponseBuilder.class
com/graduation/project/auth/dto/response/TokenResponse.class
com/graduation/project/cpa/dto/CpaProfileRequest$CpaProfileRequestBuilder.class
com/graduation/project/forum/entity/Report.class
com/graduation/project/library/repository/DocumentRepository.class
com/graduation/project/announcement/dto/FilterClassroomResponse.class
com/graduation/project/event/service/ActivityLogHandler.class
com/graduation/project/forum/dto/CategoryRequest$CategoryRequestBuilder.class
com/graduation/project/forum/dto/ReactionToggleResponse$ReactionToggleResponseBuilder.class
com/graduation/project/security/exception/ErrorCode.class
com/graduation/project/forum/constant/ReportReason.class
com/graduation/project/common/entity/FileMetadata.class
com/graduation/project/forum/dto/ReportRequest.class
com/graduation/project/cpa/dto/GpaProfileRequest$GpaProfileRequestBuilder.class
com/graduation/project/event/constant/EventType.class
com/graduation/project/library/dto/DocumentRequest$DocumentRequestBuilder.class
com/graduation/project/forum/repository/ReactionCountProjection.class
com/graduation/project/library/entity/Semester.class
com/graduation/project/forum/dto/PostRequest.class
com/graduation/project/auth/service/CurrentUserService.class
com/graduation/project/security/config/SecurityConfig.class
com/graduation/project/cpa/entity/GpaProfile$GpaProfileBuilder.class
com/graduation/project/security/config/SwaggerConfig.class
com/graduation/project/forum/entity/Comment$CommentBuilder.class
com/graduation/project/forum/dto/CreatedPostEvent.class
com/graduation/project/forum/constant/PostStatus$6.class
com/graduation/project/announcement/dto/UpdatedClassroomRequest.class
com/graduation/project/event/repository/ActivityLogRepository.class
com/graduation/project/event/service/ActivityLogService.class
com/graduation/project/auth/service/TokenService.class
com/graduation/project/common/entity/Role$RoleBuilder.class
com/graduation/project/event/config/RedisStreamProperties$Stream.class
com/graduation/project/announcement/dto/CreatedClassroomRequest.class
com/graduation/project/forum/constant/PostStatus.class
com/graduation/project/auth/dto/request/PermissionRequest.class
com/graduation/project/announcement/dto/UpdatedAnnouncementRequest$UpdatedAnnouncementRequestBuilder.class
com/graduation/project/library/mapper/SubjectMapper.class
com/graduation/project/auth/dto/response/UserResponse$UserResponseBuilder.class
com/graduation/project/library/repository/SemesterRepository.class
com/graduation/project/forum/constant/TopicRole.class
com/graduation/project/security/ultilities/JwtAuthenticationEntryPoint.class
com/graduation/project/announcement/dto/FullAnnouncementResponse$FullAnnouncementResponseBuilder.class
com/graduation/project/announcement/controller/AdminClassroomController.class
com/graduation/project/announcement/dto/ReleaseAnnouncementRequest.class
com/graduation/project/event/service/JwtServiceImpl.class
com/graduation/project/event/config/RedisStreamNotificationConfig.class
com/graduation/project/auth/dto/request/IntrospectRequest$IntrospectRequestBuilder.class
com/graduation/project/library/constant/VisibilityStatus.class
com/graduation/project/event/producer/DlqProducer.class
com/graduation/project/announcement/dto/AnnouncementRequest.class
com/graduation/project/forum/constant/PostStatus$4.class
com/graduation/project/auth/dto/request/PermissionRequest$PermissionRequestBuilder.class
com/graduation/project/auth/service/UserAdminService.class
com/graduation/project/forum/service/ReactionService.class
com/graduation/project/announcement/dto/AnnouncementTargetResponse.class
com/graduation/project/cpa/mapper/CpaProfileMapperImpl.class
com/graduation/project/cpa/dto/CpaProfileResponse.class
com/graduation/project/forum/dto/PostRequest$PostRequestBuilder.class
com/graduation/project/event/entity/UserNotification.class
com/graduation/project/forum/dto/TopicMemberResponse.class
com/graduation/project/library/controller/CommonSubjectController.class
com/graduation/project/auth/dto/request/SearchUserRequest.class
com/graduation/project/forum/mapper/CommentMapper.class
com/graduation/project/event/service/IdempotencyService.class
com/graduation/project/auth/service/UserRegistrationService.class
com/graduation/project/forum/dto/ReactionDetailResponse$ReactionDetailResponseBuilder.class
com/graduation/project/event/consumer/ActivityStreamConsumer.class
com/graduation/project/cpa/constant/CohortCode.class
com/graduation/project/auth/dto/request/SignupRequest.class
com/graduation/project/forum/constant/CategoryType.class
com/graduation/project/forum/mapper/PostMapper.class
com/graduation/project/cpa/dto/GpaProfileRequest.class
com/graduation/project/announcement/specification/AnnouncementSpecification.class
com/graduation/project/announcement/entity/Classroom.class
com/graduation/project/forum/entity/TopicMember.class
com/graduation/project/auth/dto/request/ResetPasswordConfirmRequest.class
com/graduation/project/auth/dto/request/ChangePasswordAuthenticatedRequest.class
com/graduation/project/auth/service/UserProfileService.class
com/graduation/project/event/entity/NotificationEvent.class
com/graduation/project/auth/dto/response/IntrospectResponse.class
com/graduation/project/forum/dto/DetailCommentResponse$DetailCommentResponseBuilder.class
com/graduation/project/auth/repository/PermissionRepository.class
com/graduation/project/forum/dto/DetailTopicResponse.class
com/graduation/project/auth/dto/response/PublicUserProfileResponse$PublicUserProfileResponseBuilder.class
com/graduation/project/event/entity/DomainEvent.class
com/graduation/project/event/entity/ActivityLog.class
com/graduation/project/library/dto/SubjectReferenceRequest$SubjectReferenceRequestBuilder.class
com/graduation/project/library/dto/DocumentResponse$DocumentResponseBuilder.class
com/graduation/project/event/config/RedisCommonConfig.class
com/graduation/project/forum/dto/AttachmentResponse$AttachmentResponseBuilder.class
com/graduation/project/forum/dto/CommentUserStateResponse$CommentUserStateResponseBuilder.class
com/graduation/project/event/service/JwtHandshakeHandler.class
com/graduation/project/library/controller/AdminSemesterController.class
com/graduation/project/forum/dto/SearchTopicRequest.class
com/graduation/project/common/constant/AccessType.class
com/graduation/project/auth/dto/response/AuthenticationResponse.class
com/graduation/project/event/listener/NotificationEventListener.class
com/graduation/project/auth/security/EntityPermissionHandler.class
com/graduation/project/forum/service/TopicMemberService.class
com/graduation/project/forum/dto/CommentRequest$CommentRequestBuilder.class
com/graduation/project/forum/controller/CategoryController.class
com/graduation/project/forum/dto/CommentPermissionsResponse.class
com/graduation/project/auth/dto/response/RoleResponse.class
com/graduation/project/auth/service/EmailService.class
com/graduation/project/auth/dto/response/ApiResponse.class
com/graduation/project/forum/dto/ReactionSummary$ReactionSummaryBuilder.class
com/graduation/project/auth/dto/response/RefreshTokenResponse$RefreshTokenResponseBuilder.class
com/graduation/project/event/config/RedisStreamActivityConfig.class
com/graduation/project/common/entity/User.class
com/graduation/project/library/mapper/SemesterMapper.class
com/graduation/project/forum/dto/CommentStatsResponse$CommentStatsResponseBuilder.class
com/graduation/project/auth/dto/response/AuthenticationResponse$AuthenticationResponseBuilder.class
com/graduation/project/announcement/service/AnnouncementService.class
com/graduation/project/auth/service/AuthService.class
com/graduation/project/common/entity/PasswordResetSession.class
com/graduation/project/forum/service/AuthorizationService.class
com/graduation/project/common/dto/FileMetadataResponse$FileMetadataResponseBuilder.class
com/graduation/project/forum/constant/TopicPermission/TopicPermissions.class
com/graduation/project/announcement/entity/Faculty.class
com/graduation/project/forum/constant/PostStatus$3.class
com/graduation/project/auth/controller/AdminPermissionController.class
com/graduation/project/forum/repository/ReactionRepository.class
com/graduation/project/event/dto/ActivityLogSearchRequest.class
com/graduation/project/forum/dto/PostPermissionsResponse$PostPermissionsResponseBuilder.class
com/graduation/project/forum/dto/CategoryRequest.class
com/graduation/project/cpa/repository/GradeSubjectAverageProfileRepository.class
com/graduation/project/security/config/OpenApiConfig.class
com/graduation/project/auth/repository/InvalidatedTokenRepository.class
com/graduation/project/forum/dto/PostResponse$PostResponseBuilder.class
com/graduation/project/announcement/entity/AnnouncementTarget$AnnouncementTargetBuilder.class
com/graduation/project/forum/dto/UpdatedCommentEvent.class
com/graduation/project/forum/mapper/PostMapperImpl.class
com/graduation/project/auth/validation/StrongPasswordValidator.class
com/graduation/project/forum/dto/PostAuthorResponse$PostAuthorResponseBuilder.class
com/graduation/project/forum/constant/PostStatus$2.class
com/graduation/project/library/constant/SemesterType.class
com/graduation/project/announcement/dto/CreatedFacultyRequest.class
com/graduation/project/auth/dto/response/RefreshTokenResponse.class
com/graduation/project/event/entity/NotificationEvent$NotificationEventBuilder.class
com/graduation/project/auth/security/OAuth2AuthenticationSuccessHandler.class
com/graduation/project/library/dto/SubjectReferenceResponse.class
com/graduation/project/forum/mapper/CommentMapperImpl.class
com/graduation/project/library/service/SubjectReferenceService.class
com/graduation/project/library/entity/Document.class
com/graduation/project/announcement/repository/AnnouncementRepository.class
com/graduation/project/library/controller/CommonDocumentController.class
com/graduation/project/auth/service/UserService.class
com/graduation/project/common/entity/Permission$PermissionBuilder.class
com/graduation/project/auth/dto/response/PermissionResponse.class
com/graduation/project/forum/entity/Topic.class
com/graduation/project/library/controller/CommonSemesterController.class
com/graduation/project/forum/constant/TargetType.class
com/graduation/project/auth/dto/response/PermissionResponse$PermissionResponseBuilder.class
com/graduation/project/forum/dto/PostResponse.class
com/graduation/project/forum/constant/PostStatus$1.class
com/graduation/project/announcement/dto/UpdatedAnnouncementRequest.class
com/graduation/project/auth/dto/response/UserAuthResponse.class
com/graduation/project/forum/dto/ReactionSummary.class
com/graduation/project/forum/dto/CreatedCommentEvent.class
com/graduation/project/forum/service/PostService.class
com/graduation/project/common/entity/AuditLog.class
com/graduation/project/common/constant/ResourceType.class
com/graduation/project/auth/validation/StrongPassword.class
com/graduation/project/announcement/dto/ClassroomResponse$ClassroomResponseBuilder.class
com/graduation/project/library/service/SubjectService.class
com/graduation/project/announcement/dto/SearchAnnouncementRequest.class
com/graduation/project/forum/dto/CommentResponse$CommentResponseBuilder.class
com/graduation/project/forum/repository/CommentRepository.class
com/graduation/project/library/dto/DocumentRequest.class
com/graduation/project/test/service/RedisTestService.class
com/graduation/project/forum/entity/Reaction.class
com/graduation/project/seeder/SeederConfig.class
com/graduation/project/announcement/dto/CreatedAnnouncementRequest$CreatedAnnouncementRequestBuilder.class
com/graduation/project/forum/dto/CommentRequest.class
com/graduation/project/forum/service/CategoryService.class
com/graduation/project/forum/dto/PostUserStateResponse.class
com/graduation/project/library/entity/Document$DocumentBuilder.class
com/graduation/project/library/dto/SemesterResponse.class
com/graduation/project/announcement/controller/AdminAnnouncementController.class
com/graduation/project/auth/dto/request/AuthenticationRequest.class
com/graduation/project/forum/dto/ReportResponse.class
com/graduation/project/auth/dto/response/SignupResponse$SignupResponseBuilder.class
com/graduation/project/common/dto/FileMetadataResponse.class
com/graduation/project/event/consumer/NotificationStreamConsumer.class
com/graduation/project/forum/controller/ReportController.class
com/graduation/project/forum/dto/PostAuthorResponse.class
com/graduation/project/cpa/service/GpaProfileService.class
com/graduation/project/announcement/service/AdminAnnouncementService.class
com/graduation/project/announcement/constant/AnnouncementType.class
com/graduation/project/cpa/dto/GradeSubjectAverageProfileResponse.class
com/graduation/project/forum/dto/CategoryResponse.class
com/graduation/project/auth/dto/response/UserProfileResponse.class
com/graduation/project/forum/dto/CreatedPostEvent$CreatedPostEventBuilder.class
com/graduation/project/auth/dto/request/VerifyOtpRequest.class
com/graduation/project/announcement/repository/ClassroomRepository.class
com/graduation/project/forum/dto/ReportResponse$ReportResponseBuilder.class
com/graduation/project/event/dto/UserNotificationResponse$UserNotificationResponseBuilder.class
com/graduation/project/library/dto/DocumentResponse.class
com/graduation/project/announcement/dto/AnnouncementTargetResponse$AnnouncementTargetResponseBuilder.class
com/graduation/project/forum/dto/CommentWithReplyCountResponse.class
com/graduation/project/security/ultilities/SecurityUtils.class
com/graduation/project/library/repository/SubjectReferenceRepository.class
com/graduation/project/auth/dto/request/AddPermissionRequest.class
com/graduation/project/announcement/mapper/AnnouncementMapperImpl.class
com/graduation/project/library/service/CommonSemesterService.class
com/graduation/project/cpa/dto/CreatedGradeSubjectAverageProfileRequest$CreatedGradeSubjectAverageProfileRequestBuilder.class
com/graduation/project/event/entity/DomainEvent$DomainEventBuilder.class
com/graduation/project/common/config/FirebaseConfig.class
com/graduation/project/forum/service/CommentService.class
com/graduation/project/announcement/entity/Announcement.class
com/graduation/project/auth/dto/request/AuthenticationRequest$AuthenticationRequestBuilder.class
com/graduation/project/cpa/mapper/GradeSubjectAverageProfileMapper.class
com/graduation/project/auth/dto/VerifyUserDto.class
com/graduation/project/forum/dto/UpdatePostStatusRequest.class
com/graduation/project/forum/repository/PostRepository.class
com/graduation/project/auth/dto/response/UserResponse.class
com/graduation/project/auth/repository/UserRepository.class
com/graduation/project/event/dto/EventEnvelope$EventEnvelopeBuilder.class
com/graduation/project/forum/repository/ReportRepository.class
com/graduation/project/auth/repository/PasswordResetSessionRepository.class
com/graduation/project/seeder/SeedCpaTask.class
com/graduation/project/forum/controller/PostController.class
com/graduation/project/forum/entity/Topic$TopicBuilder.class
com/graduation/project/cpa/entity/GradeSubjectAverageProfile$GradeSubjectAverageProfileBuilder.class
com/graduation/project/cpa/mapper/GpaProfileMapperImpl.class
com/graduation/project/security/ultilities/JwtToUserPrincipalConverter.class
com/graduation/project/cpa/dto/GradeSubjectAverageProfileRequest.class
com/graduation/project/forum/dto/ReactionRequest.class
com/graduation/project/library/service/CommonSubjectService.class
com/graduation/project/announcement/dto/AnnouncementRequest$AnnouncementRequestBuilder.class
com/graduation/project/forum/dto/DetailTopicResponse$CurrentUserContext.class
com/graduation/project/common/constant/Provider.class
com/graduation/project/seeder/SeedAnnouncementTask.class
com/graduation/project/event/dto/NotificationEventDTO$NotificationEventDTOBuilder.class
com/graduation/project/auth/dto/request/SearchUserRequest$SearchUserRequestBuilder.class
com/graduation/project/common/entity/FileMetadata$FileMetadataBuilder.class
com/graduation/project/forum/repository/CategoryRepository.class
com/graduation/project/event/constant/NotificationStatus.class
com/graduation/project/forum/service/TopicService.class
com/graduation/project/security/exception/AppException.class
com/graduation/project/common/mapper/FileMetadataMapper.class
com/graduation/project/common/entity/VerificationToken.class
com/graduation/project/forum/constant/ReportStatus.class
com/graduation/project/common/permission_handler/FileMetadataPermissionHandler.class
com/graduation/project/event/service/NotificationHandler.class
com/graduation/project/forum/dto/PostPermissionsResponse.class
com/graduation/project/auth/dto/response/RoleResponse$RoleResponseBuilder.class
com/graduation/project/auth/validation/FileType.class
com/graduation/project/common/config/CustomPermissionEvaluator.class
com/graduation/project/forum/dto/ReactionToggleResponse.class
com/graduation/project/forum/constant/PostStatus$5.class
com/graduation/project/announcement/entity/Announcement$AnnouncementBuilder.class
com/graduation/project/library/service/SemesterService.class
com/graduation/project/announcement/dto/CreatedAnnonucementResponse$CreatedAnnonucementResponseBuilder.class
com/graduation/project/event/config/RedisConfig.class
com/graduation/project/forum/dto/AttachmentResponse.class
com/graduation/project/event/dto/ActivityLogDTO.class
com/graduation/project/forum/dto/CommentUserStateResponse.class
com/graduation/project/cpa/entity/GpaProfile.class
com/graduation/project/event/entity/ActivityLog$ActivityLogBuilder.class
com/graduation/project/cpa/controller/CpaProfileController.class
com/graduation/project/forum/entity/Reaction$ReactionBuilder.class
com/graduation/project/forum/dto/TopicResponse.class
com/graduation/project/library/entity/SubjectReference.class
com/graduation/project/library/dto/SemesterRequest.class
com/graduation/project/library/constant/DocumentStatus.class
com/graduation/project/announcement/entity/AnnouncementTarget.class
com/graduation/project/forum/controller/TopicController.class
com/graduation/project/announcement/dto/ReleaseAnnouncementRequest$ReleaseAnnouncementRequestBuilder.class
com/graduation/project/announcement/repository/AnnouncementTargetRepository.class
com/graduation/project/common/entity/InvalidatedToken$InvalidatedTokenBuilder.class
com/graduation/project/event/entity/UserNotification$UserNotificationBuilder.class
com/graduation/project/announcement/dto/FacultyResponse$FacultyResponseBuilder.class
com/graduation/project/library/repository/SubjectRepository.class
com/graduation/project/library/service/DocumentService.class
com/graduation/project/announcement/dto/FullAnnouncementResponse.class
com/graduation/project/security/config/CustomJwtDecoder.class
com/graduation/project/common/config/PermissionRegistry.class
com/graduation/project/cpa/entity/CpaProfile.class
com/graduation/project/forum/dto/PostStatsResponse$PostStatsResponseBuilder.class
com/graduation/project/auth/validation/PasswordMatches.class
com/graduation/project/auth/dto/request/ResetPasswordRequest.class
com/graduation/project/auth/repository/RoleRepository.class
com/graduation/project/forum/dto/SearchPostRequest$SearchPostRequestBuilder.class
com/graduation/project/forum/repository/TopicMemberRepository.class
com/graduation/project/auth/dto/request/RefreshTokenRequest.class
com/graduation/project/event/controller/DevStreamTriggerController.class
com/graduation/project/cpa/repository/CpaProfileRepository.class
com/graduation/project/library/dto/SemesterResponse$SemesterResponseBuilder.class
com/graduation/project/event/dto/NotificationEventDTO.class
com/graduation/project/common/mapper/FileMetadataMapperImpl.class
com/graduation/project/forum/dto/CommentResponse.class
com/graduation/project/event/producer/StreamProducer.class
com/graduation/project/forum/dto/TopicRequest.class
com/graduation/project/common/entity/OauthAccount.class
com/graduation/project/forum/entity/Category$CategoryBuilder.class
com/graduation/project/forum/dto/PostStatsResponse.class
com/graduation/project/auth/dto/response/UserProfileResponse$UserProfileResponseBuilder.class
com/graduation/project/auth/service/PasswordResetService.class
com/graduation/project/forum/dto/DetailTopicResponse$CurrentUserContext$CurrentUserContextBuilder.class
com/graduation/project/announcement/service/AdminClassroomService.class
com/graduation/project/announcement/controller/AdminFacultyController.class
com/graduation/project/seeder/DatabaseSeederRunner.class
com/graduation/project/library/entity/Subject$SubjectBuilder.class
com/graduation/project/forum/dto/TopicMemberResponse$TopicMemberResponseBuilder.class
com/graduation/project/library/controller/AdminSubjectController.class
com/graduation/project/seeder/SeedForumTask.class
com/graduation/project/cpa/dto/GradeSubjectAverageProfileRequest$GradeSubjectAverageProfileRequestBuilder.class
com/graduation/project/auth/security/CustomUserDetails.class
com/graduation/project/announcement/dto/AnnouncementCreatedEvent.class
com/graduation/project/cpa/service/GradeSubjectAverageProfileService.class
com/graduation/project/announcement/dto/AnnouncementResponse.class
com/graduation/project/event/controller/NotificationController.class
com/graduation/project/announcement/repository/FacultyRepository.class
com/graduation/project/forum/dto/DetailCommentResponse.class
com/graduation/project/auth/repository/FileMetadataRepository.class
com/graduation/project/cpa/mapper/CpaProfileMapper.class
com/graduation/project/forum/entity/Post$PostBuilder.class
com/graduation/project/ProjectApplication.class
com/graduation/project/common/controller/FileController.class
com/graduation/project/forum/dto/ReactionEvent.class
com/graduation/project/auth/service/PermissionService.class
com/graduation/project/announcement/service/CommonFacultiesService.class
com/graduation/project/event/dto/ActivityLogDTO$ActivityLogDTOBuilder.class
com/graduation/project/forum/dto/CommentStatsResponse.class
com/graduation/project/announcement/dto/CreatedAnnouncementRequest.class
com/graduation/project/auth/dto/request/UserProfileUpdateRequest$UserProfileUpdateRequestBuilder.class
com/graduation/project/library/constant/DocumentType.class
com/graduation/project/event/config/WebSocketStompConfig.class
com/graduation/project/event/dto/EventEnvelope.class
com/graduation/project/auth/controller/UserController.class
com/graduation/project/event/repository/UserNotificationRepository.class
com/graduation/project/forum/constant/TopicVisibility.class
com/graduation/project/auth/repository/VerificationTokenRepository.class
com/graduation/project/cpa/dto/GradeSubjectAverageProfileResponse$GradeSubjectAverageProfileResponseBuilder.class
com/graduation/project/forum/constant/ReactionType.class
com/graduation/project/library/dto/SubjectReferenceResponse$SubjectReferenceResponseBuilder.class
com/graduation/project/forum/dto/CreatedCommentEvent$CreatedCommentEventBuilder.class
com/graduation/project/common/entity/Permission.class
com/graduation/project/library/dto/SemesterRequest$SemesterRequestBuilder.class
com/graduation/project/auth/service/CustomUserDetailsService.class
com/graduation/project/common/entity/Role.class
com/graduation/project/announcement/controller/AnnouncementController.class
com/graduation/project/library/entity/Semester$SemesterBuilder.class
com/graduation/project/announcement/dto/ClassroomResponse.class
com/graduation/project/announcement/mapper/AnnouncementMapper.class
com/graduation/project/auth/dto/request/IntrospectRequest.class
com/graduation/project/auth/dto/response/PublicUserProfileResponse.class
com/graduation/project/forum/dto/SearchCommentRequest.class
com/graduation/project/announcement/dto/FacultyResponse.class
com/graduation/project/forum/entity/Comment.class
com/graduation/project/event/dto/UserNotificationResponse.class
com/graduation/project/announcement/dto/UpdatedFacultyRequest.class
com/graduation/project/library/entity/SubjectReference$SubjectReferenceBuilder.class
com/graduation/project/library/dto/SubjectReferenceRequest.class
com/graduation/project/library/mapper/SubjectMapperImpl.class
com/graduation/project/announcement/dto/AnnouncementCreatedEvent$AnnouncementCreatedEventBuilder.class
com/graduation/project/forum/mapper/CategoryMapperImpl.class
com/graduation/project/auth/dto/request/UserProfileUpdateRequest.class
com/graduation/project/cpa/constant/Grade.class
com/graduation/project/library/dto/SubjectRequest.class
com/graduation/project/event/scheduler/PendingEntryScanner.class
com/graduation/project/forum/controller/TopicMemberController.class
com/graduation/project/event/mapper/ActivityLogMapper.class
com/graduation/project/forum/dto/UpdatedCommentEvent$UpdatedCommentEventBuilder.class
com/graduation/project/cpa/entity/GradeSubjectAverageProfile.class
com/graduation/project/announcement/dto/FilterClassroomResponse$FilterClassroomResponseBuilder.class
com/graduation/project/forum/dto/ReactionEvent$ReactionEventBuilder.class
com/graduation/project/cpa/dto/CreatedGradeSubjectAverageProfileRequest.class
com/graduation/project/event/config/RedisStreamProperties$Retry.class
com/graduation/project/forum/dto/UpdateTopicMemberRoleRequest.class
com/graduation/project/library/entity/Subject.class
com/graduation/project/forum/repository/TopicRepository.class
com/graduation/project/cpa/mapper/GpaProfileMapper.class
com/graduation/project/forum/mapper/CategoryMapper.class
com/graduation/project/cpa/dto/CpaProfileResponse$CpaProfileResponseBuilder.class
com/graduation/project/test/controller/RedisTestController.class
com/graduation/project/cpa/dto/CpaProfileRequest.class
com/graduation/project/auth/controller/AuthController.class
com/graduation/project/cpa/service/CpaProfileService.class
com/graduation/project/auth/validation/FileSizeValidator.class
