/app/src/main/java/com/graduation/project/ProjectApplication.java
/app/src/main/java/com/graduation/project/announcement/constant/AnnouncementType.java
/app/src/main/java/com/graduation/project/announcement/controller/AdminAnnouncementController.java
/app/src/main/java/com/graduation/project/announcement/controller/AdminClassroomController.java
/app/src/main/java/com/graduation/project/announcement/controller/AdminFacultyController.java
/app/src/main/java/com/graduation/project/announcement/controller/AnnouncementController.java
/app/src/main/java/com/graduation/project/announcement/controller/CommonFacultiesController.java
/app/src/main/java/com/graduation/project/announcement/dto/AnnouncementCreatedEvent.java
/app/src/main/java/com/graduation/project/announcement/dto/AnnouncementRequest.java
/app/src/main/java/com/graduation/project/announcement/dto/AnnouncementResponse.java
/app/src/main/java/com/graduation/project/announcement/dto/AnnouncementTargetResponse.java
/app/src/main/java/com/graduation/project/announcement/dto/ClassroomResponse.java
/app/src/main/java/com/graduation/project/announcement/dto/CreatedAnnonucementResponse.java
/app/src/main/java/com/graduation/project/announcement/dto/CreatedAnnouncementRequest.java
/app/src/main/java/com/graduation/project/announcement/dto/CreatedClassroomRequest.java
/app/src/main/java/com/graduation/project/announcement/dto/CreatedFacultyRequest.java
/app/src/main/java/com/graduation/project/announcement/dto/FacultyResponse.java
/app/src/main/java/com/graduation/project/announcement/dto/FilterClassroomResponse.java
/app/src/main/java/com/graduation/project/announcement/dto/FullAnnouncementResponse.java
/app/src/main/java/com/graduation/project/announcement/dto/ReleaseAnnouncementRequest.java
/app/src/main/java/com/graduation/project/announcement/dto/SearchAnnouncementRequest.java
/app/src/main/java/com/graduation/project/announcement/dto/UpdatedAnnouncementRequest.java
/app/src/main/java/com/graduation/project/announcement/dto/UpdatedClassroomRequest.java
/app/src/main/java/com/graduation/project/announcement/dto/UpdatedFacultyRequest.java
/app/src/main/java/com/graduation/project/announcement/entity/Announcement.java
/app/src/main/java/com/graduation/project/announcement/entity/AnnouncementTarget.java
/app/src/main/java/com/graduation/project/announcement/entity/Classroom.java
/app/src/main/java/com/graduation/project/announcement/entity/Faculty.java
/app/src/main/java/com/graduation/project/announcement/mapper/AnnouncementMapper.java
/app/src/main/java/com/graduation/project/announcement/repository/AnnouncementRepository.java
/app/src/main/java/com/graduation/project/announcement/repository/AnnouncementTargetRepository.java
/app/src/main/java/com/graduation/project/announcement/repository/ClassroomRepository.java
/app/src/main/java/com/graduation/project/announcement/repository/FacultyRepository.java
/app/src/main/java/com/graduation/project/announcement/service/AdminAnnouncementService.java
/app/src/main/java/com/graduation/project/announcement/service/AdminClassroomService.java
/app/src/main/java/com/graduation/project/announcement/service/AdminFacultyService.java
/app/src/main/java/com/graduation/project/announcement/service/AnnouncementService.java
/app/src/main/java/com/graduation/project/announcement/service/CommonFacultiesService.java
/app/src/main/java/com/graduation/project/announcement/specification/AnnouncementSpecification.java
/app/src/main/java/com/graduation/project/auth/constant/PredefinedRole.java
/app/src/main/java/com/graduation/project/auth/controller/AdminPermissionController.java
/app/src/main/java/com/graduation/project/auth/controller/AdminRoleController.java
/app/src/main/java/com/graduation/project/auth/controller/AuthController.java
/app/src/main/java/com/graduation/project/auth/controller/UserController.java
/app/src/main/java/com/graduation/project/auth/dto/VerifyUserDto.java
/app/src/main/java/com/graduation/project/auth/dto/request/AddPermissionRequest.java
/app/src/main/java/com/graduation/project/auth/dto/request/AuthenticationRequest.java
/app/src/main/java/com/graduation/project/auth/dto/request/ChangePasswordAuthenticatedRequest.java
/app/src/main/java/com/graduation/project/auth/dto/request/ChangePasswordRequest.java
/app/src/main/java/com/graduation/project/auth/dto/request/IntrospectRequest.java
/app/src/main/java/com/graduation/project/auth/dto/request/PermissionRequest.java
/app/src/main/java/com/graduation/project/auth/dto/request/RefreshTokenRequest.java
/app/src/main/java/com/graduation/project/auth/dto/request/ResetPasswordConfirmRequest.java
/app/src/main/java/com/graduation/project/auth/dto/request/ResetPasswordRequest.java
/app/src/main/java/com/graduation/project/auth/dto/request/RoleRequest.java
/app/src/main/java/com/graduation/project/auth/dto/request/SearchUserRequest.java
/app/src/main/java/com/graduation/project/auth/dto/request/SignupRequest.java
/app/src/main/java/com/graduation/project/auth/dto/request/UserProfileUpdateRequest.java
/app/src/main/java/com/graduation/project/auth/dto/request/VerifyOtpRequest.java
/app/src/main/java/com/graduation/project/auth/dto/response/ApiResponse.java
/app/src/main/java/com/graduation/project/auth/dto/response/AuthenticationResponse.java
/app/src/main/java/com/graduation/project/auth/dto/response/IntrospectResponse.java
/app/src/main/java/com/graduation/project/auth/dto/response/PermissionResponse.java
/app/src/main/java/com/graduation/project/auth/dto/response/PublicUserProfileResponse.java
/app/src/main/java/com/graduation/project/auth/dto/response/RefreshTokenResponse.java
/app/src/main/java/com/graduation/project/auth/dto/response/RoleResponse.java
/app/src/main/java/com/graduation/project/auth/dto/response/SignupResponse.java
/app/src/main/java/com/graduation/project/auth/dto/response/TokenResponse.java
/app/src/main/java/com/graduation/project/auth/dto/response/UserAuthResponse.java
/app/src/main/java/com/graduation/project/auth/dto/response/UserProfileResponse.java
/app/src/main/java/com/graduation/project/auth/dto/response/UserResponse.java
/app/src/main/java/com/graduation/project/auth/repository/FileMetadataRepository.java
/app/src/main/java/com/graduation/project/auth/repository/InvalidatedTokenRepository.java
/app/src/main/java/com/graduation/project/auth/repository/OauthAccountRepository.java
/app/src/main/java/com/graduation/project/auth/repository/PasswordResetSessionRepository.java
/app/src/main/java/com/graduation/project/auth/repository/PermissionRepository.java
/app/src/main/java/com/graduation/project/auth/repository/RoleRepository.java
/app/src/main/java/com/graduation/project/auth/repository/UserRepository.java
/app/src/main/java/com/graduation/project/auth/repository/VerificationTokenRepository.java
/app/src/main/java/com/graduation/project/auth/security/CustomUserDetails.java
/app/src/main/java/com/graduation/project/auth/security/EntityPermissionHandler.java
/app/src/main/java/com/graduation/project/auth/security/JwtAuthenticationFilter.java
/app/src/main/java/com/graduation/project/auth/security/OAuth2AuthenticationSuccessHandler.java
/app/src/main/java/com/graduation/project/auth/security/UserPrincipal.java
/app/src/main/java/com/graduation/project/auth/service/AuthService.java
/app/src/main/java/com/graduation/project/auth/service/CurrentUserService.java
/app/src/main/java/com/graduation/project/auth/service/CustomUserDetailsService.java
/app/src/main/java/com/graduation/project/auth/service/EmailService.java
/app/src/main/java/com/graduation/project/auth/service/PasswordResetService.java
/app/src/main/java/com/graduation/project/auth/service/PermissionService.java
/app/src/main/java/com/graduation/project/auth/service/RoleService.java
/app/src/main/java/com/graduation/project/auth/service/TokenService.java
/app/src/main/java/com/graduation/project/auth/service/UserAdminService.java
/app/src/main/java/com/graduation/project/auth/service/UserProfileService.java
/app/src/main/java/com/graduation/project/auth/service/UserRegistrationService.java
/app/src/main/java/com/graduation/project/auth/service/UserService.java
/app/src/main/java/com/graduation/project/auth/validation/FileSize.java
/app/src/main/java/com/graduation/project/auth/validation/FileSizeValidator.java
/app/src/main/java/com/graduation/project/auth/validation/FileType.java
/app/src/main/java/com/graduation/project/auth/validation/FileTypeValidator.java
/app/src/main/java/com/graduation/project/auth/validation/PasswordMatches.java
/app/src/main/java/com/graduation/project/auth/validation/PasswordMatchesValidator.java
/app/src/main/java/com/graduation/project/auth/validation/StrongPassword.java
/app/src/main/java/com/graduation/project/auth/validation/StrongPasswordValidator.java
/app/src/main/java/com/graduation/project/common/config/CustomPermissionEvaluator.java
/app/src/main/java/com/graduation/project/common/config/FirebaseConfig.java
/app/src/main/java/com/graduation/project/common/config/PermissionRegistry.java
/app/src/main/java/com/graduation/project/common/constant/AccessType.java
/app/src/main/java/com/graduation/project/common/constant/PermissionType.java
/app/src/main/java/com/graduation/project/common/constant/Provider.java
/app/src/main/java/com/graduation/project/common/constant/ResourceType.java
/app/src/main/java/com/graduation/project/common/controller/FileController.java
/app/src/main/java/com/graduation/project/common/dto/FileMetadataResponse.java
/app/src/main/java/com/graduation/project/common/entity/AuditLog.java
/app/src/main/java/com/graduation/project/common/entity/BaseEntity.java
/app/src/main/java/com/graduation/project/common/entity/FileMetadata.java
/app/src/main/java/com/graduation/project/common/entity/InvalidatedToken.java
/app/src/main/java/com/graduation/project/common/entity/OauthAccount.java
/app/src/main/java/com/graduation/project/common/entity/PasswordResetSession.java
/app/src/main/java/com/graduation/project/common/entity/Permission.java
/app/src/main/java/com/graduation/project/common/entity/Role.java
/app/src/main/java/com/graduation/project/common/entity/Tag.java
/app/src/main/java/com/graduation/project/common/entity/User.java
/app/src/main/java/com/graduation/project/common/entity/VerificationToken.java
/app/src/main/java/com/graduation/project/common/mapper/FileMetadataMapper.java
/app/src/main/java/com/graduation/project/common/permission_handler/FileMetadataPermissionHandler.java
/app/src/main/java/com/graduation/project/common/service/FileService.java
/app/src/main/java/com/graduation/project/common/service/FirebaseService.java
/app/src/main/java/com/graduation/project/cpa/constant/CohortCode.java
/app/src/main/java/com/graduation/project/cpa/constant/Grade.java
/app/src/main/java/com/graduation/project/cpa/controller/CpaProfileController.java
/app/src/main/java/com/graduation/project/cpa/dto/CpaProfileRequest.java
/app/src/main/java/com/graduation/project/cpa/dto/CpaProfileResponse.java
/app/src/main/java/com/graduation/project/cpa/dto/CreatedGradeSubjectAverageProfileRequest.java
/app/src/main/java/com/graduation/project/cpa/dto/GpaProfileRequest.java
/app/src/main/java/com/graduation/project/cpa/dto/GpaProfileResponse.java
/app/src/main/java/com/graduation/project/cpa/dto/GradeSubjectAverageProfileRequest.java
/app/src/main/java/com/graduation/project/cpa/dto/GradeSubjectAverageProfileResponse.java
/app/src/main/java/com/graduation/project/cpa/entity/CpaProfile.java
/app/src/main/java/com/graduation/project/cpa/entity/GpaProfile.java
/app/src/main/java/com/graduation/project/cpa/entity/GradeSubjectAverageProfile.java
/app/src/main/java/com/graduation/project/cpa/mapper/CpaProfileMapper.java
/app/src/main/java/com/graduation/project/cpa/mapper/GpaProfileMapper.java
/app/src/main/java/com/graduation/project/cpa/mapper/GradeSubjectAverageProfileMapper.java
/app/src/main/java/com/graduation/project/cpa/repository/CpaProfileRepository.java
/app/src/main/java/com/graduation/project/cpa/repository/GpaProfileRepository.java
/app/src/main/java/com/graduation/project/cpa/repository/GradeSubjectAverageProfileRepository.java
/app/src/main/java/com/graduation/project/cpa/service/CpaProfileService.java
/app/src/main/java/com/graduation/project/cpa/service/GpaProfileService.java
/app/src/main/java/com/graduation/project/cpa/service/GradeSubjectAverageProfileService.java
/app/src/main/java/com/graduation/project/event/config/RedisCommonConfig.java
/app/src/main/java/com/graduation/project/event/config/RedisConfig.java
/app/src/main/java/com/graduation/project/event/config/RedisStreamActivityConfig.java
/app/src/main/java/com/graduation/project/event/config/RedisStreamConfig.java
/app/src/main/java/com/graduation/project/event/config/RedisStreamNotificationConfig.java
/app/src/main/java/com/graduation/project/event/config/RedisStreamProperties.java
/app/src/main/java/com/graduation/project/event/config/StompPrincipal.java
/app/src/main/java/com/graduation/project/event/config/WebSocketStompConfig.java
/app/src/main/java/com/graduation/project/event/constant/EventType.java
/app/src/main/java/com/graduation/project/event/constant/NotificationStatus.java
/app/src/main/java/com/graduation/project/event/constant/NotificationType.java
/app/src/main/java/com/graduation/project/event/consumer/ActivityStreamConsumer.java
/app/src/main/java/com/graduation/project/event/consumer/NotificationStreamConsumer.java
/app/src/main/java/com/graduation/project/event/controller/ActivityLogController.java
/app/src/main/java/com/graduation/project/event/controller/DevStreamTriggerController.java
/app/src/main/java/com/graduation/project/event/controller/NotificationController.java
/app/src/main/java/com/graduation/project/event/dto/ActivityLogDTO.java
/app/src/main/java/com/graduation/project/event/dto/ActivityLogResponse.java
/app/src/main/java/com/graduation/project/event/dto/ActivityLogSearchRequest.java
/app/src/main/java/com/graduation/project/event/dto/EventEnvelope.java
/app/src/main/java/com/graduation/project/event/dto/NotificationEventDTO.java
/app/src/main/java/com/graduation/project/event/dto/UserNotificationResponse.java
/app/src/main/java/com/graduation/project/event/entity/ActivityLog.java
/app/src/main/java/com/graduation/project/event/entity/DomainEvent.java
/app/src/main/java/com/graduation/project/event/entity/NotificationEvent.java
/app/src/main/java/com/graduation/project/event/entity/UserNotification.java
/app/src/main/java/com/graduation/project/event/listener/ActivityLogEventListener.java
/app/src/main/java/com/graduation/project/event/listener/NotificationEventListener.java
/app/src/main/java/com/graduation/project/event/mapper/ActivityLogMapper.java
/app/src/main/java/com/graduation/project/event/producer/DlqProducer.java
/app/src/main/java/com/graduation/project/event/producer/StreamProducer.java
/app/src/main/java/com/graduation/project/event/repository/ActivityLogRepository.java
/app/src/main/java/com/graduation/project/event/repository/NotificationEventRepository.java
/app/src/main/java/com/graduation/project/event/repository/UserNotificationRepository.java
/app/src/main/java/com/graduation/project/event/scheduler/PendingEntryScanner.java
/app/src/main/java/com/graduation/project/event/scheduler/StreamPendingMessageScheduler.java
/app/src/main/java/com/graduation/project/event/service/ActivityLogHandler.java
/app/src/main/java/com/graduation/project/event/service/ActivityLogService.java
/app/src/main/java/com/graduation/project/event/service/IdempotencyService.java
/app/src/main/java/com/graduation/project/event/service/JwtHandshakeHandler.java
/app/src/main/java/com/graduation/project/event/service/JwtService.java
/app/src/main/java/com/graduation/project/event/service/JwtServiceImpl.java
/app/src/main/java/com/graduation/project/event/service/NotificationHandler.java
/app/src/main/java/com/graduation/project/forum/constant/CategoryType.java
/app/src/main/java/com/graduation/project/forum/constant/PostStatus.java
/app/src/main/java/com/graduation/project/forum/constant/ReactionType.java
/app/src/main/java/com/graduation/project/forum/constant/ReportReason.java
/app/src/main/java/com/graduation/project/forum/constant/ReportStatus.java
/app/src/main/java/com/graduation/project/forum/constant/TargetType.java
/app/src/main/java/com/graduation/project/forum/constant/TopicPermission/TopicPermissions.java
/app/src/main/java/com/graduation/project/forum/constant/TopicRole.java
/app/src/main/java/com/graduation/project/forum/constant/TopicVisibility.java
/app/src/main/java/com/graduation/project/forum/controller/CategoryController.java
/app/src/main/java/com/graduation/project/forum/controller/CommentController.java
/app/src/main/java/com/graduation/project/forum/controller/PostController.java
/app/src/main/java/com/graduation/project/forum/controller/ReactionController.java
/app/src/main/java/com/graduation/project/forum/controller/ReportController.java
/app/src/main/java/com/graduation/project/forum/controller/TopicController.java
/app/src/main/java/com/graduation/project/forum/controller/TopicMemberController.java
/app/src/main/java/com/graduation/project/forum/dto/AttachmentResponse.java
/app/src/main/java/com/graduation/project/forum/dto/CategoryRequest.java
/app/src/main/java/com/graduation/project/forum/dto/CategoryResponse.java
/app/src/main/java/com/graduation/project/forum/dto/CommentPermissionsResponse.java
/app/src/main/java/com/graduation/project/forum/dto/CommentRequest.java
/app/src/main/java/com/graduation/project/forum/dto/CommentResponse.java
/app/src/main/java/com/graduation/project/forum/dto/CommentStatsResponse.java
/app/src/main/java/com/graduation/project/forum/dto/CommentUserStateResponse.java
/app/src/main/java/com/graduation/project/forum/dto/CommentWithReplyCountResponse.java
/app/src/main/java/com/graduation/project/forum/dto/CreatedCommentEvent.java
/app/src/main/java/com/graduation/project/forum/dto/CreatedPostEvent.java
/app/src/main/java/com/graduation/project/forum/dto/DetailCommentResponse.java
/app/src/main/java/com/graduation/project/forum/dto/DetailPostResponse.java
/app/src/main/java/com/graduation/project/forum/dto/DetailTopicResponse.java
/app/src/main/java/com/graduation/project/forum/dto/PostAuthorResponse.java
/app/src/main/java/com/graduation/project/forum/dto/PostPermissionsResponse.java
/app/src/main/java/com/graduation/project/forum/dto/PostRequest.java
/app/src/main/java/com/graduation/project/forum/dto/PostResponse.java
/app/src/main/java/com/graduation/project/forum/dto/PostStatsResponse.java
/app/src/main/java/com/graduation/project/forum/dto/PostUserStateResponse.java
/app/src/main/java/com/graduation/project/forum/dto/ProcessReportRequest.java
/app/src/main/java/com/graduation/project/forum/dto/ReactionDetailResponse.java
/app/src/main/java/com/graduation/project/forum/dto/ReactionEvent.java
/app/src/main/java/com/graduation/project/forum/dto/ReactionRequest.java
/app/src/main/java/com/graduation/project/forum/dto/ReactionSummary.java
/app/src/main/java/com/graduation/project/forum/dto/ReactionToggleResponse.java
/app/src/main/java/com/graduation/project/forum/dto/ReportRequest.java
/app/src/main/java/com/graduation/project/forum/dto/ReportResponse.java
/app/src/main/java/com/graduation/project/forum/dto/SearchCommentRequest.java
/app/src/main/java/com/graduation/project/forum/dto/SearchPostRequest.java
/app/src/main/java/com/graduation/project/forum/dto/SearchTopicRequest.java
/app/src/main/java/com/graduation/project/forum/dto/TopicMemberResponse.java
/app/src/main/java/com/graduation/project/forum/dto/TopicRequest.java
/app/src/main/java/com/graduation/project/forum/dto/TopicResponse.java
/app/src/main/java/com/graduation/project/forum/dto/UpdatePostStatusRequest.java
/app/src/main/java/com/graduation/project/forum/dto/UpdateTopicMemberRoleRequest.java
/app/src/main/java/com/graduation/project/forum/dto/UpdatedCommentEvent.java
/app/src/main/java/com/graduation/project/forum/entity/Category.java
/app/src/main/java/com/graduation/project/forum/entity/Comment.java
/app/src/main/java/com/graduation/project/forum/entity/Post.java
/app/src/main/java/com/graduation/project/forum/entity/Reaction.java
/app/src/main/java/com/graduation/project/forum/entity/Report.java
/app/src/main/java/com/graduation/project/forum/entity/Topic.java
/app/src/main/java/com/graduation/project/forum/entity/TopicMember.java
/app/src/main/java/com/graduation/project/forum/mapper/CategoryMapper.java
/app/src/main/java/com/graduation/project/forum/mapper/CommentMapper.java
/app/src/main/java/com/graduation/project/forum/mapper/PostMapper.java
/app/src/main/java/com/graduation/project/forum/mapper/TopicMapper.java
/app/src/main/java/com/graduation/project/forum/repository/CategoryRepository.java
/app/src/main/java/com/graduation/project/forum/repository/CommentRepository.java
/app/src/main/java/com/graduation/project/forum/repository/PostRepository.java
/app/src/main/java/com/graduation/project/forum/repository/ReactionCountProjection.java
/app/src/main/java/com/graduation/project/forum/repository/ReactionRepository.java
/app/src/main/java/com/graduation/project/forum/repository/ReportRepository.java
/app/src/main/java/com/graduation/project/forum/repository/TopicMemberRepository.java
/app/src/main/java/com/graduation/project/forum/repository/TopicRepository.java
/app/src/main/java/com/graduation/project/forum/service/AuthorizationService.java
/app/src/main/java/com/graduation/project/forum/service/CategoryService.java
/app/src/main/java/com/graduation/project/forum/service/CommentService.java
/app/src/main/java/com/graduation/project/forum/service/PostService.java
/app/src/main/java/com/graduation/project/forum/service/ReactionService.java
/app/src/main/java/com/graduation/project/forum/service/ReportService.java
/app/src/main/java/com/graduation/project/forum/service/TopicMemberService.java
/app/src/main/java/com/graduation/project/forum/service/TopicService.java
/app/src/main/java/com/graduation/project/library/constant/DocumentStatus.java
/app/src/main/java/com/graduation/project/library/constant/DocumentType.java
/app/src/main/java/com/graduation/project/library/constant/SemesterType.java
/app/src/main/java/com/graduation/project/library/constant/VisibilityStatus.java
/app/src/main/java/com/graduation/project/library/controller/AdminSemesterController.java
/app/src/main/java/com/graduation/project/library/controller/AdminSubjectController.java
/app/src/main/java/com/graduation/project/library/controller/AdminSubjectReferenceController.java
/app/src/main/java/com/graduation/project/library/controller/CommonDocumentController.java
/app/src/main/java/com/graduation/project/library/controller/CommonSemesterController.java
/app/src/main/java/com/graduation/project/library/controller/CommonSubjectController.java
/app/src/main/java/com/graduation/project/library/dto/DocumentRequest.java
/app/src/main/java/com/graduation/project/library/dto/DocumentResponse.java
/app/src/main/java/com/graduation/project/library/dto/SemesterRequest.java
/app/src/main/java/com/graduation/project/library/dto/SemesterResponse.java
/app/src/main/java/com/graduation/project/library/dto/SubjectReferenceRequest.java
/app/src/main/java/com/graduation/project/library/dto/SubjectReferenceResponse.java
/app/src/main/java/com/graduation/project/library/dto/SubjectRequest.java
/app/src/main/java/com/graduation/project/library/dto/SubjectResponse.java
/app/src/main/java/com/graduation/project/library/entity/Document.java
/app/src/main/java/com/graduation/project/library/entity/Semester.java
/app/src/main/java/com/graduation/project/library/entity/Subject.java
/app/src/main/java/com/graduation/project/library/entity/SubjectReference.java
/app/src/main/java/com/graduation/project/library/mapper/SemesterMapper.java
/app/src/main/java/com/graduation/project/library/mapper/SubjectMapper.java
/app/src/main/java/com/graduation/project/library/repository/DocumentRepository.java
/app/src/main/java/com/graduation/project/library/repository/SemesterRepository.java
/app/src/main/java/com/graduation/project/library/repository/SubjectReferenceRepository.java
/app/src/main/java/com/graduation/project/library/repository/SubjectRepository.java
/app/src/main/java/com/graduation/project/library/service/CommonSemesterService.java
/app/src/main/java/com/graduation/project/library/service/CommonSubjectService.java
/app/src/main/java/com/graduation/project/library/service/DocumentService.java
/app/src/main/java/com/graduation/project/library/service/SemesterService.java
/app/src/main/java/com/graduation/project/library/service/SubjectReferenceService.java
/app/src/main/java/com/graduation/project/library/service/SubjectService.java
/app/src/main/java/com/graduation/project/security/config/CustomJwtDecoder.java
/app/src/main/java/com/graduation/project/security/config/OpenApiConfig.java
/app/src/main/java/com/graduation/project/security/config/SecurityConfig.java
/app/src/main/java/com/graduation/project/security/config/SwaggerConfig.java
/app/src/main/java/com/graduation/project/security/exception/AppException.java
/app/src/main/java/com/graduation/project/security/exception/ErrorCode.java
/app/src/main/java/com/graduation/project/security/exception/GlobalExceptionHandler.java
/app/src/main/java/com/graduation/project/security/ultilities/JwtAuthenticationEntryPoint.java
/app/src/main/java/com/graduation/project/security/ultilities/JwtToUserPrincipalConverter.java
/app/src/main/java/com/graduation/project/security/ultilities/SecurityUtils.java
/app/src/main/java/com/graduation/project/seeder/DatabaseSeederRunner.java
/app/src/main/java/com/graduation/project/seeder/SeedAnnouncementTask.java
/app/src/main/java/com/graduation/project/seeder/SeedAuthTask.java
/app/src/main/java/com/graduation/project/seeder/SeedCpaTask.java
/app/src/main/java/com/graduation/project/seeder/SeedForumTask.java
/app/src/main/java/com/graduation/project/seeder/SeedLibraryTask.java
/app/src/main/java/com/graduation/project/seeder/SeedProperties.java
/app/src/main/java/com/graduation/project/seeder/SeederConfig.java
/app/src/main/java/com/graduation/project/test/controller/RedisTestController.java
/app/src/main/java/com/graduation/project/test/service/RedisTestService.java
